



=== Test Summary
NAME                 VALUE                    
───────────────────  ─────────────────────────
Outcome              Skipped                  
Tests Ran            0                        
Pass Rate            0%                       
Fail Rate            0%                       
Skip Rate            0%                       
Test Run Id          707gK000008taxY          
Test Setup Time      0 ms                     
Test Execution Time  0 ms                     
Test Total Time      0 ms                     
Org Id               00DgK000001suJEUAY       
Username             dany338919@agentforce.com
